[digitonaut.com/art/race_car_inside/index.html]
[digitonaut.com/art/race_car_outside/index.html]
[digitonaut.com/art/racing_lines/index.html]
[backblue.gif]
[fade.gif]
[index.html]
[digitonaut.com/art/radiation_vibe/index.html]
[digitonaut.com/art/rain/index.html]
[digitonaut.com/art/rain_and_lights/index.html]
[digitonaut.com/art/rainbow_characters/index.html]
[digitonaut.com/art/rainbow_energy_particles/index.html]
[digitonaut.com/art/rainbow_diamond/index.html]
[digitonaut.com/art/rainbow_flowfield/index.html]
[digitonaut.com/art/rainbow_fractal_descent/index.html]
[digitonaut.com/art/rainbow_grid/index.html]
[digitonaut.com/art/rainbow_particle_horizon/index.html]
[digitonaut.com/art/rainbow_rain/index.html]
[digitonaut.com/art/rainbow_road/index.html]
[digitonaut.com/art/rainbow_slices/index.html]
[digitonaut.com/art/rainbow_snake/index.html]
[digitonaut.com/art/rainbow_tentacles/index.html]
[digitonaut.com/art/rainbow_turbulence/index.html]
[digitonaut.com/art/rainbow_twister/index.html]
[digitonaut.com/art/race_car_inside/index.html]
[digitonaut.com/art/race_car_inside/main.js]
[digitonaut.com/art/random_position/index.html]
[digitonaut.com/art/rainbowness/index.html]
[digitonaut.com/art/random_square_motion/index.html]
[digitonaut.com/art/ray_bert/index.html]
[digitonaut.com/art/ray_planet/index.html]
[digitonaut.com/art/raycast_lines/index.html]
[digitonaut.com/art/raymarch_ast_seventies/index.html]
[digitonaut.com/art/raymarched-reflections/index.html]
[digitonaut.com/art/raymarching_a_tunnel/index.html]
[digitonaut.com/art/re_cypher/index.html]
[digitonaut.com/art/red_landscape/index.html]
[digitonaut.com/art/refactoring_blackpool_in_space/index.html]
[digitonaut.com/art/refracted_brutalism/index.html]
[digitonaut.com/art/reflecting_toruses/index.html]
[digitonaut.com/art/relentless/index.html]
[digitonaut.com/art/retro_animas/index.html]
[digitonaut.com/art/repetition_and_randomness/index.html]
[digitonaut.com/art/retro_modern_art/index.html]
[digitonaut.com/art/retro-waves/index.html]
[digitonaut.com/art/rgb_line/index.html]
[digitonaut.com/art/race_car_outside/main.js]
[digitonaut.com/art/race_car_outside/index.html]
[digitonaut.com/art/ribbon_assault/index.html]
[digitonaut.com/art/race_car_inside/three.min.js]
[digitonaut.com/art/ring_twister/index.html]
[digitonaut.com/art/road-20/index.html]
[digitonaut.com/art/rock_paper_scissors/index.html]
[digitonaut.com/art/rocket_planet/index.html]
[digitonaut.com/art/rolling_ball/index.html]
[digitonaut.com/art/ride_of_the_snug_blocks/index.html]
[digitonaut.com/art/rolling-hills/index.html]
[digitonaut.com/art/rubber_soul_art/index.html]
[digitonaut.com/art/rotating_gear_grid/index.html]
[digitonaut.com/art/rugile_star/index.html]
[digitonaut.com/art/racing_lines/script.js]
[digitonaut.com/art/racing_lines/index.html]
[digitonaut.com/art/radiation_vibe/script.js]
[digitonaut.com/art/radiation_vibe/index.html]
[digitonaut.com/art/rain/index.html]
[digitonaut.com/art/racing_lines/TweenMax.min.js]
[digitonaut.com/art/rain_and_lights/script.js]
[digitonaut.com/art/rain_and_lights/index.html]
[digitonaut.com/art/rainbow_characters/script.js]
[digitonaut.com/art/rainbow_characters/index.html]
[digitonaut.com/art/rainbow_diamond/shader-web-background.min.js]
[digitonaut.com/art/rainbow_diamond/index.html]
[digitonaut.com/art/rainbow_energy_particles/script.js]
[digitonaut.com/art/rainbow_energy_particles/index.html]
[digitonaut.com/art/race_car_outside/three.min.js]
[digitonaut.com/art/rainbow_flowfield/index.html]
[digitonaut.com/art/rainbow_fractal_descent/shader-web-background.min.js]
[digitonaut.com/art/rainbow_fractal_descent/index.html]
[digitonaut.com/art/rainbow_grid/script.js]
[digitonaut.com/art/rainbow_grid/index.html]
[digitonaut.com/art/rainbow_particle_horizon/index.html]
[digitonaut.com/art/rainbow_particle_horizon/script.js]
[digitonaut.com/art/rainbow_rain/index.html]
[digitonaut.com/art/rainbow_rain/script.js]
[digitonaut.com/art/rainbow_road/style.css]
[digitonaut.com/art/rainbow_road/index.html]
[digitonaut.com/art/rainbow_slices/shader-web-background.min.js]
[digitonaut.com/art/rainbow_slices/index.html]
[digitonaut.com/art/rainbow_snake/shader-web-background.min.js]
[digitonaut.com/art/rainbow_snake/index.html]
[digitonaut.com/art/racing_lines/three.min.js]
[digitonaut.com/art/rainbow_tentacles/index.html]
[digitonaut.com/art/rainbow_tentacles/script.js]
[digitonaut.com/art/rainbow_turbulence/index.html]
[digitonaut.com/art/rainbow_flowfield/processing.min.js]
[digitonaut.com/art/rainbow_turbulence/shader-web-background.min.js]
[digitonaut.com/art/rainbow_twister/index.html]
[digitonaut.com/art/rainbow_twister/shader-web-background.min.js]
[digitonaut.com/art/rainbowness/index.html]
[digitonaut.com/art/rainbowness/script.js]
[digitonaut.com/art/random_position/index.html]
[digitonaut.com/art/random_position/script.js]
[digitonaut.com/art/rain_and_lights/three.min.js]
[digitonaut.com/art/random_square_motion/openProcessing.js]
[digitonaut.com/art/random_position/TweenMax.min.js]
[digitonaut.com/art/random_square_motion/index.html]
[digitonaut.com/art/random_square_motion/script.js]
[digitonaut.com/art/ray_bert/index.html]
[digitonaut.com/art/random_position/three.min.js]
[digitonaut.com/art/ray_bert/shader-web-background.min.js]
[digitonaut.com/art/ray_planet/index.html]
[digitonaut.com/art/ray_planet/shader-web-background.min.js]
[digitonaut.com/art/raycast_lines/index.html]
[digitonaut.com/art/raycast_lines/script.js]
[digitonaut.com/art/raymarch_ast_seventies/index.html]
[digitonaut.com/art/raymarch_ast_seventies/script.js]
[digitonaut.com/art/raymarched-reflections/index.html]
[digitonaut.com/art/raymarched-reflections/shader-web-background.min.js]
[digitonaut.com/art/raymarching_a_tunnel/index.html]
[digitonaut.com/art/raymarching_a_tunnel/script.js]
[digitonaut.com/art/re_cypher/index.html]
[digitonaut.com/art/re_cypher/shader-web-background.min.js]
[digitonaut.com/art/red_landscape/main.js]
[digitonaut.com/art/red_landscape/index.html]
[digitonaut.com/art/refactoring_blackpool_in_space/shader-web-background.min.js]
[digitonaut.com/art/refactoring_blackpool_in_space/index.html]
[digitonaut.com/art/reflecting_toruses/shader-web-background.min.js]
[digitonaut.com/art/reflecting_toruses/index.html]
[digitonaut.com/art/red_landscape/three.min.js]
[digitonaut.com/art/refracted_brutalism/main.js]
[digitonaut.com/art/raymarching_a_tunnel/three.min.js]
[digitonaut.com/art/refracted_brutalism/index.html]
[digitonaut.com/art/relentless/index.html]
[digitonaut.com/art/relentless/shader-web-background.min.js]
[digitonaut.com/art/refracted_brutalism/three.min.js]
[digitonaut.com/art/repetition_and_randomness/index.html]
[digitonaut.com/art/repetition_and_randomness/script.js]
[digitonaut.com/art/retro_animas/index.html]
[digitonaut.com/art/retro_animas/shader-doodle.umd.js]
[digitonaut.com/art/retro_modern_art/react.production.min.js]
[digitonaut.com/art/retro_modern_art/react-dom.production.min.js]
[digitonaut.com/art/retro_modern_art/OrbitControls_copy.js]
[digitonaut.com/art/retro_modern_art/bas.min.js]
[digitonaut.com/art/retro_modern_art/poyBmov.js]
[digitonaut.com/art/retro_modern_art/jowgPb.js]
[digitonaut.com/art/retro_modern_art/index.html]
[digitonaut.com/art/retro_modern_art/script.js]
[digitonaut.com/art/retro-waves/index.html]
[digitonaut.com/art/repetition_and_randomness/three.min.js]
[digitonaut.com/art/rgb_line/gsap.min.js]
[digitonaut.com/art/rgb_line/index.html]
[digitonaut.com/art/ribbon_assault/shader-web-background.min.js]
[digitonaut.com/art/ribbon_assault/index.html]
[digitonaut.com/art/ride_of_the_snug_blocks/shader-web-background.min.js]
[digitonaut.com/art/ride_of_the_snug_blocks/index.html]
[digitonaut.com/art/ring_twister/shader-web-background.min.js]
[digitonaut.com/art/ring_twister/index.html]
[digitonaut.com/art/road-20/index.html]
[digitonaut.com/art/rock_paper_scissors/script.js]
[digitonaut.com/art/rock_paper_scissors/index.html]
[digitonaut.com/art/rgb_line/three.min.js]
[digitonaut.com/art/rocket_planet/main.js]
[digitonaut.com/art/rocket_planet/index.html]
[digitonaut.com/art/rolling_ball/shader-web-background.min.js]
[digitonaut.com/art/rolling_ball/index.html]
[digitonaut.com/art/rolling-hills/shader-web-background.min.js]
[digitonaut.com/art/rolling-hills/index.html]
[digitonaut.com/art/rotating_gear_grid/shader-web-background.min.js]
[digitonaut.com/art/rotating_gear_grid/ichannel0.jpg]
[digitonaut.com/art/rocket_planet/three.min.js]
[digitonaut.com/art/rotating_gear_grid/index.html]
[digitonaut.com/art/retro_modern_art/three.js]
[digitonaut.com/art/rubber_soul_art/openProcessing.js]
[digitonaut.com/art/random_square_motion/p5.js]
[digitonaut.com/art/rubber_soul_art/index.html]
[digitonaut.com/art/rubber_soul_art/script.js]
[digitonaut.com/art/rugile_star/index.html]
[digitonaut.com/art/race_car_inside/main.css]
[digitonaut.com/art/race_car_outside/main.css]
[digitonaut.com/art/racing_lines/style.css]
[digitonaut.com/art/radiation_vibe/style.css]
[digitonaut.com/art/rain_and_lights/style.css]
[digitonaut.com/art/rain_and_lights/weenMax.min.html]
[digitonaut.com/art/rainbow_characters/style.css]
[digitonaut.com/art/rainbow_grid/style.css]
[digitonaut.com/art/rainbow_particle_horizon/style.css]
[digitonaut.com/art/rainbow_rain/style.css]
[digitonaut.com/art/rainbow_road/style.css]
[digitonaut.com/art/rainbow_tentacles/style.css]
[digitonaut.com/art/rainbowness/style.css]
[digitonaut.com/art/random_position/style.css]
[digitonaut.com/art/raycast_lines/style.css]
[digitonaut.com/art/raymarch_ast_seventies/style.css]
[digitonaut.com/art/raymarching_a_tunnel/style.css]
[digitonaut.com/art/red_landscape/main.css]
[digitonaut.com/art/refracted_brutalism/main.css]
[digitonaut.com/art/repetition_and_randomness/style.css]
[digitonaut.com/art/retro_animas/style.css]
[digitonaut.com/art/retro_modern_art/style.css]
[digitonaut.com/art/rock_paper_scissors/style.css]
[digitonaut.com/art/rocket_planet/main.css]
[digitonaut.com/art/rugile_star/script.js]
[digitonaut.com/art/rubber_soul_art/p5.js]
[digitonaut.com/art/rugile_star/style.css]
